// Jest Snapshot v1, https://goo.gl/fbAQLP

exports[`Lumin Modal Should render without errors 1`] = `ShallowWrapper {}`;
