// Jest Snapshot v1, https://goo.gl/fbAQLP

exports[`Card Should render without errors 1`] = `ShallowWrapper {}`;
