// Jest Snapshot v1, https://goo.gl/fbAQLP

exports[`Footer Should render without errors 1`] = `ShallowWrapper {}`;
