// Jest Snapshot v1, https://goo.gl/fbAQLP

exports[`Filter Should render without errors 1`] = `ShallowWrapper {}`;
