// Jest Snapshot v1, https://goo.gl/fbAQLP

exports[`NotFound Page Should render without errors 1`] = `ShallowWrapper {}`;
