// Jest Snapshot v1, https://goo.gl/fbAQLP

exports[`Modal Footer Should render without errors 1`] = `ShallowWrapper {}`;
