// Jest Snapshot v1, https://goo.gl/fbAQLP

exports[`App Should render without errors 1`] = `ShallowWrapper {}`;
